<?xml version="1.0" encoding="utf-8"?><testsuites name="pytest tests"><testsuite name="pytest" errors="0" failures="0" skipped="2" tests="143" time="14.350" timestamp="2026-03-18T14:04:11.186628-07:00" hostname="thinkpad"><testcase classname="tests.test_centroiding_utils.TestCalculateNmass" name="test_charge_1" file="tests/test_centroiding_utils.py" line="9" time="0.001" /><testcase classname="tests.test_centroiding_utils.TestCalculateNmass" name="test_charge_2" file="tests/test_centroiding_utils.py" line="15" time="0.001" /><testcase classname="tests.test_centroiding_utils.TestCalculateNmass" name="test_charge_3" file="tests/test_centroiding_utils.py" line="21" time="0.001" /><testcase classname="tests.test_centroiding_utils.TestCalculateNmass" name="test_neutral_mass_positive" file="tests/test_centroiding_utils.py" line="27" time="0.001" /><testcase classname="tests.test_centroiding_utils.TestCalculateNmass" name="test_roundtrip" file="tests/test_centroiding_utils.py" line="32" time="0.001" /><testcase classname="tests.test_centroiding_utils.TestBatchIterator" name="test_even_split" file="tests/test_centroiding_utils.py" line="41" time="0.001" /><testcase classname="tests.test_centroiding_utils.TestBatchIterator" name="test_uneven_split" file="tests/test_centroiding_utils.py" line="46" time="0.001" /><testcase classname="tests.test_centroiding_utils.TestBatchIterator" name="test_batch_larger_than_list" file="tests/test_centroiding_utils.py" line="51" time="0.001" /><testcase classname="tests.test_centroiding_utils.TestBatchIterator" name="test_empty_list" file="tests/test_centroiding_utils.py" line="56" time="0.001" /><testcase classname="tests.test_centroiding_utils.TestBatchIterator" name="test_batch_size_one" file="tests/test_centroiding_utils.py" line="60" time="0.001" /><testcase classname="tests.test_constants.TestProtonMass" name="test_value" file="tests/test_constants.py" line="6" time="0.001" /><testcase classname="tests.test_constants.TestProtonMass" name="test_type" file="tests/test_constants.py" line="9" time="0.001" /><testcase classname="tests.test_constants.TestTableNames" name="test_is_str_enum" file="tests/test_constants.py" line="14" time="0.001" /><testcase classname="tests.test_constants.TestTableNames" name="test_all_members_are_strings" file="tests/test_constants.py" line="20" time="0.001" /><testcase classname="tests.test_constants.TestTableNames" name="test_str_coercible" file="tests/test_constants.py" line="24" time="0.001" /><testcase classname="tests.test_dda" name="test_get_acquisition_type" file="tests/test_dda.py" line="7" time="0.009" /><testcase classname="tests.test_dda" name="test_dda_precursors" file="tests/test_dda.py" line="13" time="0.609" /><testcase classname="tests.test_dda" name="test_dda_frames" file="tests/test_dda.py" line="53" time="0.572" /><testcase classname="tests.test_dda" name="test_dda_lookup_features" file="tests/test_dda.py" line="76" time="0.556" /><testcase classname="tests.test_docs" name="test_getting_started[docs/getting-started.md:15-21]" file="tests/test_docs.py" line="8" time="0.008" /><testcase classname="tests.test_docs" name="test_getting_started[docs/getting-started.md:25-41]" file="tests/test_docs.py" line="8" time="8.761" /><testcase classname="tests.test_docs" name="test_getting_started[docs/getting-started.md:45-57]" file="tests/test_docs.py" line="8" time="0.001"><skipped type="pytest.skip" message="No DIA test data available">/home/patrick-garrett/Repos/tdfpy/tests/test_docs.py:12: No DIA test data available</skipped></testcase><testcase classname="tests.test_docs" name="test_getting_started[docs/getting-started.md:63-80]" file="tests/test_docs.py" line="8" time="0.519" /><testcase classname="tests.test_docs" name="test_getting_started[docs/getting-started.md:82-93]" file="tests/test_docs.py" line="8" time="0.001"><skipped type="pytest.skip" message="No DIA test data available">/home/patrick-garrett/Repos/tdfpy/tests/test_docs.py:12: No DIA test data available</skipped></testcase><testcase classname="tests.test_docs" name="test_getting_started[docs/getting-started.md:112-120]" file="tests/test_docs.py" line="8" time="0.630" /><testcase classname="tests.test_elems.TestMsMsType" name="test_values" file="tests/test_elems.py" line="8" time="0.000" /><testcase classname="tests.test_elems.TestPolarity" name="test_from_str[positive-positive]" file="tests/test_elems.py" line="15" time="0.000" /><testcase classname="tests.test_elems.TestPolarity" name="test_from_str[POSITIVE-positive]" file="tests/test_elems.py" line="15" time="0.000" /><testcase classname="tests.test_elems.TestPolarity" name="test_from_str[+-positive]" file="tests/test_elems.py" line="15" time="0.000" /><testcase classname="tests.test_elems.TestPolarity" name="test_from_str[negative-negative]" file="tests/test_elems.py" line="15" time="0.000" /><testcase classname="tests.test_elems.TestPolarity" name="test_from_str[NEGATIVE-negative]" file="tests/test_elems.py" line="15" time="0.000" /><testcase classname="tests.test_elems.TestPolarity" name="test_from_str[--negative]" file="tests/test_elems.py" line="15" time="0.000" /><testcase classname="tests.test_elems.TestPolarity" name="test_from_str[unknown-unknown]" file="tests/test_elems.py" line="15" time="0.000" /><testcase classname="tests.test_elems.TestPolarity" name="test_from_str[?-unknown]" file="tests/test_elems.py" line="15" time="0.000" /><testcase classname="tests.test_elems.TestPolarity" name="test_from_str[mixed-mixed]" file="tests/test_elems.py" line="15" time="0.000" /><testcase classname="tests.test_elems.TestPolarity" name="test_from_str[mix-mixed]" file="tests/test_elems.py" line="15" time="0.000" /><testcase classname="tests.test_elems.TestPolarity" name="test_from_str_invalid_raises" file="tests/test_elems.py" line="30" time="0.001" /><testcase classname="tests.test_elems.TestPolarity" name="test_str_enum_values" file="tests/test_elems.py" line="34" time="0.000" /><testcase classname="tests.test_elems.TestDiaWindowGroup" name="test_scan_num_range" file="tests/test_elems.py" line="54" time="0.000" /><testcase classname="tests.test_elems.TestDiaWindowGroup" name="test_mz_begin" file="tests/test_elems.py" line="57" time="0.000" /><testcase classname="tests.test_elems.TestDiaWindowGroup" name="test_mz_end" file="tests/test_elems.py" line="60" time="0.000" /><testcase classname="tests.test_elems.TestDiaWindowGroup" name="test_mz_range" file="tests/test_elems.py" line="63" time="0.000" /><testcase classname="tests.test_metadata" name="test_metadata_schema_type_is_str" file="tests/test_metadata.py" line="24" time="0.543" /><testcase classname="tests.test_metadata" name="test_metadata_schema_version_major_is_int" file="tests/test_metadata.py" line="28" time="0.000" /><testcase classname="tests.test_metadata" name="test_metadata_schema_version_minor_is_int" file="tests/test_metadata.py" line="32" time="0.000" /><testcase classname="tests.test_metadata" name="test_metadata_tims_compression_type_is_int" file="tests/test_metadata.py" line="36" time="0.000" /><testcase classname="tests.test_metadata" name="test_metadata_max_num_peaks_per_scan_is_int" file="tests/test_metadata.py" line="40" time="0.000" /><testcase classname="tests.test_metadata" name="test_metadata_closed_properly_is_bool" file="tests/test_metadata.py" line="44" time="0.000" /><testcase classname="tests.test_metadata" name="test_metadata_mz_acq_range_lower_is_float" file="tests/test_metadata.py" line="48" time="0.000" /><testcase classname="tests.test_metadata" name="test_metadata_mz_acq_range_upper_is_float" file="tests/test_metadata.py" line="52" time="0.000" /><testcase classname="tests.test_metadata" name="test_metadata_one_over_k0_acq_range_lower_is_float" file="tests/test_metadata.py" line="56" time="0.000" /><testcase classname="tests.test_metadata" name="test_metadata_one_over_k0_acq_range_upper_is_float" file="tests/test_metadata.py" line="60" time="0.000" /><testcase classname="tests.test_metadata" name="test_metadata_acquisition_datetime_is_datetime" file="tests/test_metadata.py" line="64" time="0.000" /><testcase classname="tests.test_metadata" name="test_metadata_acquisition_software_vendor_is_str" file="tests/test_metadata.py" line="68" time="0.000" /><testcase classname="tests.test_metadata" name="test_metadata_instrument_vendor_is_str" file="tests/test_metadata.py" line="72" time="0.000" /><testcase classname="tests.test_metadata" name="test_metadata_analysis_id_is_str" file="tests/test_metadata.py" line="76" time="0.000" /><testcase classname="tests.test_metadata" name="test_metadata_schema_type_value" file="tests/test_metadata.py" line="85" time="0.000" /><testcase classname="tests.test_metadata" name="test_metadata_schema_version_major_value" file="tests/test_metadata.py" line="89" time="0.000" /><testcase classname="tests.test_metadata" name="test_metadata_schema_version_minor_value" file="tests/test_metadata.py" line="93" time="0.001" /><testcase classname="tests.test_metadata" name="test_metadata_acquisition_software_vendor_value" file="tests/test_metadata.py" line="97" time="0.000" /><testcase classname="tests.test_metadata" name="test_metadata_instrument_vendor_value" file="tests/test_metadata.py" line="101" time="0.000" /><testcase classname="tests.test_metadata" name="test_metadata_tims_compression_type_value" file="tests/test_metadata.py" line="105" time="0.000" /><testcase classname="tests.test_metadata" name="test_metadata_closed_properly_is_true" file="tests/test_metadata.py" line="109" time="0.001" /><testcase classname="tests.test_metadata" name="test_metadata_max_num_peaks_per_scan_value" file="tests/test_metadata.py" line="113" time="0.001" /><testcase classname="tests.test_metadata" name="test_metadata_analysis_id_value" file="tests/test_metadata.py" line="117" time="0.001" /><testcase classname="tests.test_metadata" name="test_metadata_mz_acq_range_lower_value" file="tests/test_metadata.py" line="121" time="0.001" /><testcase classname="tests.test_metadata" name="test_metadata_mz_acq_range_upper_value" file="tests/test_metadata.py" line="125" time="0.001" /><testcase classname="tests.test_metadata" name="test_metadata_one_over_k0_acq_range_lower_value" file="tests/test_metadata.py" line="129" time="0.001" /><testcase classname="tests.test_metadata" name="test_metadata_one_over_k0_acq_range_upper_value" file="tests/test_metadata.py" line="133" time="0.000" /><testcase classname="tests.test_metadata" name="test_metadata_acquisition_software_value" file="tests/test_metadata.py" line="137" time="0.001" /><testcase classname="tests.test_metadata" name="test_metadata_acquisition_software_version_contains_5_1" file="tests/test_metadata.py" line="141" time="0.000" /><testcase classname="tests.test_metadata" name="test_metadata_instrument_name_value" file="tests/test_metadata.py" line="145" time="0.000" /><testcase classname="tests.test_metadata" name="test_metadata_instrument_serial_number_value" file="tests/test_metadata.py" line="149" time="0.000" /><testcase classname="tests.test_metadata" name="test_metadata_operator_name_value" file="tests/test_metadata.py" line="153" time="0.000" /><testcase classname="tests.test_metadata" name="test_metadata_sample_name_contains_hela" file="tests/test_metadata.py" line="157" time="0.000" /><testcase classname="tests.test_metadata" name="test_metadata_mz_acq_range_is_tuple" file="tests/test_metadata.py" line="166" time="0.001" /><testcase classname="tests.test_metadata" name="test_metadata_mz_acq_range_lower_less_than_upper" file="tests/test_metadata.py" line="171" time="0.001" /><testcase classname="tests.test_metadata" name="test_metadata_mz_acq_range_matches_individual_properties" file="tests/test_metadata.py" line="176" time="0.000" /><testcase classname="tests.test_metadata" name="test_metadata_one_over_k0_acq_range_is_tuple" file="tests/test_metadata.py" line="181" time="0.000" /><testcase classname="tests.test_metadata" name="test_metadata_one_over_k0_acq_range_lower_less_than_upper" file="tests/test_metadata.py" line="186" time="0.000" /><testcase classname="tests.test_metadata" name="test_metadata_one_over_k0_acq_range_matches_individual_properties" file="tests/test_metadata.py" line="191" time="0.000" /><testcase classname="tests.test_metadata" name="test_metadata_acquisition_datetime_year" file="tests/test_metadata.py" line="204" time="0.001" /><testcase classname="tests.test_metadata" name="test_metadata_acquisition_datetime_has_tzinfo" file="tests/test_metadata.py" line="208" time="0.000" /><testcase classname="tests.test_metadata" name="test_metadata_unknown_key_raises_key_error" file="tests/test_metadata.py" line="217" time="0.001" /><testcase classname="tests.test_metadata" name="test_calibration_date_is_datetime" file="tests/test_metadata.py" line="227" time="0.002" /><testcase classname="tests.test_metadata" name="test_calibration_user_is_str" file="tests/test_metadata.py" line="231" time="0.000" /><testcase classname="tests.test_metadata" name="test_calibration_software_is_str" file="tests/test_metadata.py" line="235" time="0.001" /><testcase classname="tests.test_metadata" name="test_calibration_software_version_is_str" file="tests/test_metadata.py" line="239" time="0.001" /><testcase classname="tests.test_metadata" name="test_calibration_mobility_calibration_date_is_datetime" file="tests/test_metadata.py" line="243" time="0.001" /><testcase classname="tests.test_metadata" name="test_calibration_mobility_calibration_user_is_str" file="tests/test_metadata.py" line="247" time="0.001" /><testcase classname="tests.test_metadata" name="test_calibration_mobility_standard_deviation_percent_is_float" file="tests/test_metadata.py" line="251" time="0.001" /><testcase classname="tests.test_metadata" name="test_calibration_reference_mobility_list_is_str" file="tests/test_metadata.py" line="255" time="0.000" /><testcase classname="tests.test_metadata" name="test_calibration_reference_masses_is_str" file="tests/test_metadata.py" line="259" time="0.000" /><testcase classname="tests.test_metadata" name="test_calibration_date_year" file="tests/test_metadata.py" line="268" time="0.001" /><testcase classname="tests.test_metadata" name="test_calibration_date_has_tzinfo" file="tests/test_metadata.py" line="272" time="0.000" /><testcase classname="tests.test_metadata" name="test_calibration_user_value" file="tests/test_metadata.py" line="276" time="0.000" /><testcase classname="tests.test_metadata" name="test_calibration_software_value" file="tests/test_metadata.py" line="280" time="0.001" /><testcase classname="tests.test_metadata" name="test_calibration_software_version_contains_5_1" file="tests/test_metadata.py" line="284" time="0.000" /><testcase classname="tests.test_metadata" name="test_calibration_mobility_calibration_date_year" file="tests/test_metadata.py" line="288" time="0.000" /><testcase classname="tests.test_metadata" name="test_calibration_mobility_calibration_user_value" file="tests/test_metadata.py" line="292" time="0.000" /><testcase classname="tests.test_metadata" name="test_calibration_mobility_standard_deviation_percent_value" file="tests/test_metadata.py" line="296" time="0.000" /><testcase classname="tests.test_metadata" name="test_calibration_reference_mobility_list_value" file="tests/test_metadata.py" line="300" time="0.000" /><testcase classname="tests.test_metadata" name="test_calibration_reference_masses_value" file="tests/test_metadata.py" line="304" time="0.000" /><testcase classname="tests.test_metadata" name="test_calibration_unknown_key_raises_key_error" file="tests/test_metadata.py" line="313" time="0.001" /><testcase classname="tests.test_noise.TestEstimateNoiseLevelNumericPassthrough" name="test_float_value" file="tests/test_noise.py" line="15" time="0.000" /><testcase classname="tests.test_noise.TestEstimateNoiseLevelNumericPassthrough" name="test_int_value" file="tests/test_noise.py" line="19" time="0.000" /><testcase classname="tests.test_noise.TestEstimateNoiseLevelNumericPassthrough" name="test_zero" file="tests/test_noise.py" line="23" time="0.000" /><testcase classname="tests.test_noise.TestEstimateNoiseLevelMad" name="test_returns_float" file="tests/test_noise.py" line="29" time="0.001" /><testcase classname="tests.test_noise.TestEstimateNoiseLevelMad" name="test_above_median" file="tests/test_noise.py" line="33" time="0.001" /><testcase classname="tests.test_noise.TestEstimateNoiseLevelMad" name="test_reasonable_range" file="tests/test_noise.py" line="37" time="0.001" /><testcase classname="tests.test_noise.TestEstimateNoiseLevelPercentile" name="test_returns_float" file="tests/test_noise.py" line="44" time="0.001" /><testcase classname="tests.test_noise.TestEstimateNoiseLevelPercentile" name="test_equals_75th_percentile" file="tests/test_noise.py" line="48" time="0.001" /><testcase classname="tests.test_noise.TestEstimateNoiseLevelHistogram" name="test_returns_float" file="tests/test_noise.py" line="55" time="0.001" /><testcase classname="tests.test_noise.TestEstimateNoiseLevelHistogram" name="test_positive" file="tests/test_noise.py" line="59" time="0.001" /><testcase classname="tests.test_noise.TestEstimateNoiseLevelBaseline" name="test_returns_float" file="tests/test_noise.py" line="65" time="0.001" /><testcase classname="tests.test_noise.TestEstimateNoiseLevelBaseline" name="test_positive" file="tests/test_noise.py" line="69" time="0.001" /><testcase classname="tests.test_noise.TestEstimateNoiseLevelBaseline" name="test_based_on_bottom_quartile" file="tests/test_noise.py" line="73" time="0.001" /><testcase classname="tests.test_noise.TestEstimateNoiseLevelIterativeMedian" name="test_returns_float" file="tests/test_noise.py" line="80" time="0.001" /><testcase classname="tests.test_noise.TestEstimateNoiseLevelIterativeMedian" name="test_positive" file="tests/test_noise.py" line="84" time="0.001" /><testcase classname="tests.test_noise.TestEstimateNoiseLevelErrors" name="test_unknown_method_raises" file="tests/test_noise.py" line="90" time="0.001" /><testcase classname="tests.test_pandas_tdf.TestPandasTDF" name="test_calibration_info" file="tests/test_pandas_tdf.py" line="12" time="0.002" /><testcase classname="tests.test_pandas_tdf.TestPandasTDF" name="test_dia_frame_msms_info" file="tests/test_pandas_tdf.py" line="15" time="0.003" /><testcase classname="tests.test_pandas_tdf.TestPandasTDF" name="test_dia_frame_msms_window_groups" file="tests/test_pandas_tdf.py" line="18" time="0.002" /><testcase classname="tests.test_pandas_tdf.TestPandasTDF" name="test_dia_frame_msms_windows" file="tests/test_pandas_tdf.py" line="23" time="0.002" /><testcase classname="tests.test_pandas_tdf.TestPandasTDF" name="test_error_log" file="tests/test_pandas_tdf.py" line="26" time="0.002" /><testcase classname="tests.test_pandas_tdf.TestPandasTDF" name="test_frame_msms_info" file="tests/test_pandas_tdf.py" line="29" time="0.002" /><testcase classname="tests.test_pandas_tdf.TestPandasTDF" name="test_frame_properties" file="tests/test_pandas_tdf.py" line="32" time="0.040" /><testcase classname="tests.test_pandas_tdf.TestPandasTDF" name="test_frames" file="tests/test_pandas_tdf.py" line="35" time="0.005" /><testcase classname="tests.test_pandas_tdf.TestPandasTDF" name="test_global_metadata" file="tests/test_pandas_tdf.py" line="38" time="0.001" /><testcase classname="tests.test_pandas_tdf.TestPandasTDF" name="test_group_properties" file="tests/test_pandas_tdf.py" line="41" time="0.002" /><testcase classname="tests.test_pandas_tdf.TestPandasTDF" name="test_mz_calibration" file="tests/test_pandas_tdf.py" line="44" time="0.002" /><testcase classname="tests.test_pandas_tdf.TestPandasTDF" name="test_pasef_frame_msms_info" file="tests/test_pandas_tdf.py" line="47" time="0.011" /><testcase classname="tests.test_pandas_tdf.TestPandasTDF" name="test_precursors" file="tests/test_pandas_tdf.py" line="50" time="0.006" /><testcase classname="tests.test_pandas_tdf.TestPandasTDF" name="test_properties" file="tests/test_pandas_tdf.py" line="53" time="0.529" /><testcase classname="tests.test_pandas_tdf.TestPandasTDF" name="test_property_definitions" file="tests/test_pandas_tdf.py" line="56" time="0.003" /><testcase classname="tests.test_pandas_tdf.TestPandasTDF" name="test_property_groups" file="tests/test_pandas_tdf.py" line="59" time="0.001" /><testcase classname="tests.test_pandas_tdf.TestPandasTDF" name="test_segments" file="tests/test_pandas_tdf.py" line="62" time="0.001" /><testcase classname="tests.test_pandas_tdf.TestPandasTDF" name="test_tims_calibration" file="tests/test_pandas_tdf.py" line="65" time="0.002" /><testcase classname="tests.test_spectra.TestSpectra" name="test_get_centroided_ms1_spectra_subset" file="tests/test_spectra.py" line="43" time="0.210" /><testcase classname="tests.test_spectra.TestSpectra" name="test_get_centroided_ms1_spectrum" file="tests/test_spectra.py" line="17" time="0.109" /><testcase classname="tests.test_spectra.TestSpectra" name="test_merge_peaks_basic" file="tests/test_spectra.py" line="61" time="0.001" /><testcase classname="tests.test_spectra.TestSpectra" name="test_numba_python_equivalence" file="tests/test_spectra.py" line="85" time="0.005" /><testcase classname="tests.test_timsdata.TestTimsData" name="test_timsdata" file="tests/test_timsdata.py" line="8" time="0.003" /></testsuite></testsuites>